../Drivers/CMSIS/Include/core_cm4.h:2064:26:ITM_SendChar	4
../Core/Src/main.c:105:13:PrintTelemetryRecord	1
../Core/Src/main.c:125:5:main	7
../Core/Src/main.c:287:6:SystemClock_Config	3
../Core/Src/main.c:329:13:MX_I2C1_Init	2
../Core/Src/main.c:363:13:MX_I2C3_Init	2
../Core/Src/main.c:397:13:MX_SPI1_Init	2
../Core/Src/main.c:435:13:MX_SPI3_Init	2
../Core/Src/main.c:473:13:MX_TIM2_Init	4
../Core/Src/main.c:522:13:MX_GPIO_Init	1
../Core/Src/main.c:570:5:__io_putchar	1
../Core/Src/main.c:584:6:Error_Handler	1
