../Drivers/CMSIS/Include/core_cm4.h:2064:26:ITM_SendChar	4
../Core/Src/main.c:105:13:PrintTelemetryRecord	1
../Core/Src/main.c:125:5:main	8
../Core/Src/main.c:293:6:SystemClock_Config	3
../Core/Src/main.c:335:13:MX_I2C1_Init	2
../Core/Src/main.c:369:13:MX_I2C3_Init	2
../Core/Src/main.c:403:13:MX_SPI1_Init	2
../Core/Src/main.c:441:13:MX_SPI3_Init	2
../Core/Src/main.c:479:13:MX_TIM2_Init	4
../Core/Src/main.c:528:13:MX_GPIO_Init	1
../Core/Src/main.c:576:5:__io_putchar	1
../Core/Src/main.c:590:6:Error_Handler	1
