../Drivers/CMSIS/Include/core_cm4.h:2064:26:ITM_SendChar	16	static,ignoring_inline_asm
../Core/Src/main.c:105:13:PrintTelemetryRecord	192	static
../Core/Src/main.c:125:5:main	136	static
../Core/Src/main.c:287:6:SystemClock_Config	88	static
../Core/Src/main.c:329:13:MX_I2C1_Init	8	static
../Core/Src/main.c:363:13:MX_I2C3_Init	8	static
../Core/Src/main.c:397:13:MX_SPI1_Init	8	static
../Core/Src/main.c:435:13:MX_SPI3_Init	8	static
../Core/Src/main.c:473:13:MX_TIM2_Init	48	static
../Core/Src/main.c:522:13:MX_GPIO_Init	48	static
../Core/Src/main.c:570:5:__io_putchar	16	static
../Core/Src/main.c:584:6:Error_Handler	4	static,ignoring_inline_asm
