../Drivers/CMSIS/Include/core_cm4.h:2064:26:ITM_SendChar	16	static,ignoring_inline_asm
../Core/Src/main.c:99:13:PrintTelemetryRecord	192	static
../Core/Src/main.c:118:5:main	16	static
../Core/Src/main.c:248:6:SystemClock_Config	88	static
../Core/Src/main.c:290:13:MX_I2C1_Init	8	static
../Core/Src/main.c:324:13:MX_I2C3_Init	8	static
../Core/Src/main.c:358:13:MX_SPI1_Init	8	static
../Core/Src/main.c:396:13:MX_SPI3_Init	8	static
../Core/Src/main.c:434:13:MX_GPIO_Init	40	static
../Core/Src/main.c:471:5:__io_putchar	16	static
../Core/Src/main.c:485:6:Error_Handler	4	static,ignoring_inline_asm
