../Core/Src/w25n.c:15:20:CS_Low	16	static
../Core/Src/w25n.c:20:20:CS_High	16	static
../Core/Src/w25n.c:28:22:W25N_Transfer	32	static
../Core/Src/w25n.c:55:15:W25N_Reset	32	static
../Core/Src/w25n.c:65:15:W25N_Read_JEDEC_ID	40	static
../Core/Src/w25n.c:79:15:W25N_Verify_ID	24	static
../Core/Src/w25n.c:95:15:W25N_Read_Status_Register	40	static
../Core/Src/w25n.c:105:15:W25N_Write_Status_Register	32	static
../Core/Src/w25n.c:113:15:W25N_Write_Enable	32	static
../Core/Src/w25n.c:119:15:W25N_Write_Disable	32	static
../Core/Src/w25n.c:125:15:W25N_Unlock_All_Blocks	24	static
../Core/Src/w25n.c:144:15:W25N_Wait_Busy	32	static
../Core/Src/w25n.c:164:22:W25N_Check_Page_Addr	16	static
../Core/Src/w25n.c:169:15:W25N_Page_Data_Read	32	static
../Core/Src/w25n.c:184:15:W25N_Read_Data	40	static
../Core/Src/w25n.c:196:15:W25N_Load_Program_Data	40	static
../Core/Src/w25n.c:210:15:W25N_Random_Load_Program_Data	40	static
../Core/Src/w25n.c:220:15:W25N_Program_Execute	32	static
../Core/Src/w25n.c:235:15:W25N_Block_Erase	32	static
../Core/Src/w25n.c:252:15:W25N_Page_Read	32	static
../Core/Src/w25n.c:283:15:W25N_Page_Program	32	static
../Core/Src/w25n.c:307:15:W25N_Erase_Block	24	static
../Core/Src/w25n.c:327:15:W25N_Log_Write	40	static
../Core/Src/w25n.c:350:15:W25N_Log_Read	32	static
../Core/Src/w25n.c:355:6:W25N_Log_Dump	32	static
